// Jest Snapshot v1, https://goo.gl/fbAQLP

exports[`Given the BridgeSwapModal component when the component is rendered should match the snapshot 1`] = `
<DocumentFragment>
  .c0 {
  width: 100%;
  height: 100%;
  position: absolute;
  top: 0;
  left: 0;
  background-color: rgba(0,0,0,0.7);
  z-index: 10;
  cursor: pointer;
}

@media screen and (max-width:1440px) {

}

@media screen and (max-width:480px) {

}

@media screen and (max-width:1440px) {

}

@media screen and (max-width:1440px) {

}

@media screen and (max-width:1440px) {

}

@media screen and (max-width:480px) {

}

@media screen and (max-width:1440px) {

}

@media screen and (max-width:480px) {

}

@media screen and (max-width:1440px) {

}

@media screen and (max-width:700px) {

}

@media screen and (max-width:1180px) {

}

@media screen and (max-width:1440px) {

}

@media screen and (max-width:1440px) {

}

@media screen and (max-width:1440px) {

}

@media screen and (max-width:700px) {

}

@media screen and (max-width:1440px) {

}

@media screen and (max-width:834px) {

}

@media screen and (max-width:1440px) {

}

@media screen and (max-width:1440px) {

}

@media screen and (max-width:1440px) {

}

@media screen and (max-width:1440px) {

}

@media screen and (max-width:1440px) {

}

@media screen and (max-width:1440px) {

}

@media screen and (max-width:834px) {

}

@media screen and (max-width:834px) {

}

@media screen and (max-width:1440px) {

}

@media screen and (max-width:1180px) {

}

@media screen and (max-width:700px) {

}

@media screen and (max-width:834px) {

}

@media screen and (max-width:1440px) {

}

@media screen and (max-width:1180px) {

}

@media screen and (max-width:834px) {

}

@media screen and (max-width:1440px) {

}

@media screen and (max-width:1180px) {

}

@media screen and (max-width:834px) {

}

@media screen and (max-width:1440px) {

}

@media screen and (max-width:1180px) {

}

<div
    class="c0"
  />
  .c0 {
  width: 500px;
  padding: 4px;
  position: absolute;
  top: 50%;
  left: 50%;
  background-color: #201d2a;
  border-radius: 8px;
  -webkit-transform: translate(-50%,-50%);
  -ms-transform: translate(-50%,-50%);
  transform: translate(-50%,-50%);
  z-index: 11;
}

.c0 main {
  padding: 32px;
}

.c0 footer {
  padding: 32px 36px 0;
  background-color: #1a1823;
}

.c2 {
  width: 24px;
  height: 24px;
  position: absolute;
  top: 10px;
  right: 10px;
  background: transparent;
  border: none;
}

.c2 svg {
  fill: #656273;
}

.c2:hover svg {
  fill: #9895a6;
}

.c2:active svg {
  fill: #4d4b57;
}

.c2:disabled {
  cursor: not-allowed;
}

.c2:disabled svg {
  fill: #656273;
  opacity: 0.5;
}

.c26 {
  width: 170px;
  height: 50px;
  background-color: #302E3D;
  border: none;
  border-radius: 8px;
  color: #656273;
  font-weight: 600;
  font-size: 14px;
}

.c26:hover {
  background-color: #302E3D;
}

.c26:active {
  background-color: #302E3D;
}

.c26:disabled {
  cursor: not-allowed;
}

.c4 {
  margin: 0 0 24px;
  font-size: 16px;
  font-weight: 500;
  text-align: center;
}

.c1 {
  width: auto;
}

.c28 {
  padding: 40px;
  border-radius: 8px;
  background-color: #1a1823;
}

.c28 h2 {
  margin: 0 0 20px;
  font-family: Bebas Neue,sans-serif;
  font-size: 28px;
  font-weight: 300;
}

.c32 {
  display: grid;
  grid-template-columns: 1fr 180px;
  gap: 30px;
  justify-items: center;
  -webkit-align-items: start;
  -webkit-box-align: start;
  -ms-flex-align: start;
  align-items: start;
  margin-bottom: 10px;
}

.c7 {
  display: -webkit-box;
  display: -webkit-flex;
  display: -ms-flexbox;
  display: flex;
  -webkit-align-items: center;
  -webkit-box-align: center;
  -ms-flex-align: center;
  align-items: center;
  gap: 24px;
  padding: 20px;
  border-radius: 8px;
  background-color: #1a1823;
}

.c36 {
  padding: 40px 50px;
  border-radius: 8px;
  background-color: #201d2a;
}

.c33 {
  margin: 0 0 12px;
  font-size: 16px;
  font-weight: 500;
}

.c8 {
  display: -webkit-box;
  display: -webkit-flex;
  display: -ms-flexbox;
  display: flex;
  -webkit-align-items: center;
  -webkit-box-align: center;
  -ms-flex-align: center;
  align-items: center;
  -webkit-box-pack: center;
  -webkit-justify-content: center;
  -ms-flex-pack: center;
  justify-content: center;
  width: 56px;
  min-width: 56px;
  height: 56px;
  border-radius: 50%;
  border: 3px solid #302E3D;
  background-color: #201d2a;
}

.c8 img {
  overflow: hidden;
}

.c9 {
  display: -webkit-box;
  display: -webkit-flex;
  display: -ms-flexbox;
  display: flex;
  -webkit-flex-direction: column;
  -ms-flex-direction: column;
  flex-direction: column;
  gap: 8px;
}

.c9 > strong {
  font-weight: 500;
  white-space: nowrap;
}

.c9 > span {
  font-size: 16px;
  font-weight: 500;
  color: #9895a6;
}

.c10 {
  display: -webkit-box;
  display: -webkit-flex;
  display: -ms-flexbox;
  display: flex;
  -webkit-flex-direction: column;
  -ms-flex-direction: column;
  flex-direction: column;
  -webkit-align-items: center;
  -webkit-box-align: center;
  -ms-flex-align: center;
  align-items: center;
  gap: 8px;
  margin-left: auto;
}

.c10 > strong {
  font-size: 12px;
  font-weight: 400;
  color: #9895a6;
  white-space: nowrap;
}

.c10 span {
  font-family: Bebas Neue,sans-serif;
  font-size: 28px;
}

.c11 {
  display: -webkit-box;
  display: -webkit-flex;
  display: -ms-flexbox;
  display: flex;
  -webkit-align-items: center;
  -webkit-box-align: center;
  -ms-flex-align: center;
  align-items: center;
  -webkit-box-pack: center;
  -webkit-justify-content: center;
  -ms-flex-pack: center;
  justify-content: center;
  margin: 40px auto;
  padding: 16px 40px;
  position: relative;
  border-radius: 8px;
  background-color: #30232e;
  color: #c75a5a;
  white-space: nowrap;
}

.c11::before,
.c11::after {
  content: '';
  display: block;
  width: 1px;
  height: 20px;
  position: absolute;
  top: -30px;
  left: 50%;
  background-color: #c75a5a;
}

.c11::after {
  top: auto;
  bottom: -30px;
  background-color: #c75a5a;
}

.c3 {
  display: -webkit-box;
  display: -webkit-flex;
  display: -ms-flexbox;
  display: flex;
  -webkit-box-pack: center;
  -webkit-justify-content: center;
  -ms-flex-pack: center;
  justify-content: center;
}

.c3 > main {
  display: -webkit-box;
  display: -webkit-flex;
  display: -ms-flexbox;
  display: flex;
  -webkit-flex-direction: column;
  -ms-flex-direction: column;
  flex-direction: column;
}

.c12 {
  width: 100%;
  border: 1px solid #302E3D;
  border-radius: 8px;
  padding: 16px 29px 16px 20px;
  opacity: 1;
}

.c34 {
  max-width: 600px;
  margin-bottom: 40px;
  color: #9895a6;
}

.c34 strong {
  font-weight: 500;
  color: #e1dfeb;
}

.c35 {
  padding-left: 1em;
  color: #9895a6;
}

.c35 li::marker {
  color: #e1dfeb;
}

.c35 li + li {
  margin-top: 12px;
}

.c27 {
  width: 100%;
  height: 52px;
  background-color: #302E3D;
  color: #656273;
}

.c27:hover {
  background-color: #302E3D;
}

.c27:active {
  background-color: #302E3D;
}

.c5 {
  text-align: left;
}

.c6 {
  display: grid;
  grid-template-rows: repeat(3,auto);
}

.c18 {
  display: -webkit-box;
  display: -webkit-flex;
  display: -ms-flexbox;
  display: flex;
  -webkit-align-items: center;
  -webkit-box-align: center;
  -ms-flex-align: center;
  align-items: center;
  -webkit-box-pack: justify;
  -webkit-justify-content: space-between;
  -ms-flex-pack: justify;
  justify-content: space-between;
  width: 100%;
  height: 70px;
  padding: 16px 8px 16px 16px;
  background-color: #302E3D;
  border-radius: 8px;
  border-bottom: 2px solid #1a1823;
  color: #9895a6;
  font-size: 14px;
  font-weight: 500;
}

.c18 strong {
  color: #9895a6;
  margin-right: auto;
  font-weight: 500;
  white-space: nowrap;
}

.c19 {
  background: transparent;
  border: 1px solid #302E3D;
}

.c21 {
  padding: 15px 20px;
  height: 54px;
  border: none;
  background-color: #201d2a;
  border-radius: 7px;
  color: #ffdda1;
  font-weight: 500;
  font-size: 14px;
  text-transform: uppercase;
  cursor: pointer;
}

.c21:hover {
  background-color: #252130;
}

.c21:active {
  background-color: #1b1924;
}

.c22 {
  background-color: transparent;
}

.c13 {
  width: 100%;
  background: none;
  border: none;
  color: #e1dfeb;
  font-weight: 500;
  font-size: 18px;
  text-align: right;
}

.c13:focus {
  outline: none;
}

.c14 {
  width: 100%;
  text-align: left;
  font-size: 14px;
}

.c20 {
  width: 100%;
  padding: 0 10px;
}

.c31 {
  width: 100%;
  height: 200px;
  margin: 20px 0 50px;
  padding: 0 40px;
  background-color: transparent;
  overflow: visible;
  color: #656273;
}

.c31 .tooltip {
  width: 100px;
  height: 100px;
  fill: #fff;
}

.c30 {
  margin: 0 0 2em;
  font-size: 16px;
  text-align: center;
}

.c30 strong {
  color: #88d1ff;
}

.c17 {
  margin: 0 0 12px;
}

.c16 {
  padding: 32px 32px 0;
  margin: 32px -32px 0 -36px;
  border-top: 1px solid #302E3D;
}

.c23 {
  margin: 0 0 12px;
  color: #656273;
}

.c24 {
  display: -webkit-box;
  display: -webkit-flex;
  display: -ms-flexbox;
  display: flex;
  -webkit-align-items: center;
  -webkit-box-align: center;
  -ms-flex-align: center;
  align-items: center;
  -webkit-box-pack: justify;
  -webkit-justify-content: space-between;
  -ms-flex-pack: justify;
  justify-content: space-between;
  gap: 12px;
  margin: 12px 0 16px;
}

.c25 {
  padding: 12px 16px;
  background-color: transparent;
  border: 1px solid #302E3D;
  border-radius: 22px;
  font-size: 14px;
  font-weight: 500;
  color: #9895a6;
}

.c25:hover {
  background-color: #47445a;
}

.c25:active {
  background-color: #191820;
}

.c29 {
  display: -webkit-box;
  display: -webkit-flex;
  display: -ms-flexbox;
  display: flex;
}

.c15 {
  margin: 5px auto 0;
  font-size: 12px;
  color: #656273;
}

@media screen and (max-width:1440px) {
  .c0 {
    width: 400px;
  }
}

@media screen and (max-width:480px) {
  .c0 {
    width: 100%;
    border-radius: 0;
    top: unset;
    left: 0;
    bottom: 0;
    -webkit-transform: none;
    -ms-transform: none;
    transform: none;
  }
}

@media screen and (max-width:1440px) {
  .c0 main {
    padding: 24px;
  }
}

@media screen and (max-width:1440px) {
  .c0 footer {
    padding: 24px 24px 0;
  }
}

@media screen and (max-width:1440px) {
  .c26 {
    width: 135px;
    height: 40px;
    font-size: 12px;
  }
}

@media screen and (max-width:480px) {
  .c26 {
    font-size: 14px;
  }
}

@media screen and (max-width:1440px) {
  .c4 {
    font-size: 14px;
  }
}

@media screen and (max-width:480px) {
  .c4 {
    font-size: 16px;
  }
}

@media screen and (max-width:1440px) {

}

@media screen and (max-width:700px) {

}

@media screen and (max-width:1180px) {
  .c1 {
    width: 600px;
    top: 20px;
    -webkit-transform: translate(-50%,0);
    -ms-transform: translate(-50%,0);
    transform: translate(-50%,0);
  }
}

@media screen and (max-width:1440px) {
  .c28 {
    padding: 24px;
  }
}

@media screen and (max-width:1440px) {
  .c28 h2 {
    margin-bottom: 16px;
    font-size: 24px;
  }
}

@media screen and (max-width:1440px) {
  .c32 {
    grid-template-columns: 1fr 150px;
  }
}

@media screen and (max-width:700px) {
  .c32 {
    display: -webkit-box;
    display: -webkit-flex;
    display: -ms-flexbox;
    display: flex;
    -webkit-flex-direction: column;
    -ms-flex-direction: column;
    flex-direction: column;
    -webkit-align-items: center;
    -webkit-box-align: center;
    -ms-flex-align: center;
    align-items: center;
  }

  .c32 > img {
    width: 230px;
    margin: 32px auto;
  }
}

@media screen and (max-width:1440px) {
  .c7 {
    gap: 20px;
  }
}

@media screen and (max-width:834px) {
  .c7:first-child {
    grid-column: 1/3;
  }
}

@media screen and (max-width:1440px) {
  .c36 {
    padding: 40px;
  }
}

@media screen and (max-width:1440px) {
  .c33 {
    font-size: 14px;
  }
}

@media screen and (max-width:1440px) {
  .c8 {
    width: 48px;
    min-width: 48px;
    height: 48px;
  }
}

@media screen and (max-width:1440px) {
  .c9 > span {
    font-size: 14px;
  }
}

@media screen and (max-width:1440px) {
  .c10 > strong {
    font-size: 10px;
  }
}

@media screen and (max-width:1440px) {
  .c10 span {
    font-size: 24px;
  }
}

@media screen and (max-width:834px) {
  .c11 {
    grid-column: 2/3;
    grid-row: 2/3;
    height: 100%;
    margin: 0;
    padding: 24px;
    white-space: pre-wrap;
    text-align: center;
  }
}

@media screen and (max-width:834px) {
  .c11::before,
  .c11::after {
    display: none;
  }
}

@media screen and (max-width:1440px) {

}

@media screen and (max-width:1180px) {

}

@media screen and (max-width:700px) {
  .c12 {
    margin-top: 16px;
  }
}

@media screen and (max-width:834px) {
  .c6 {
    grid-template-columns: 1fr 150px;
    grid-template-rows: 1fr 1fr;
    gap: 24px;
  }
}

@media screen and (max-width:1440px) {
  .c18 {
    height: 60px;
    padding: 16px 8px;
  }
}

@media screen and (max-width:1180px) {
  .c18 {
    height: 55px;
    padding: 10px 5px 10px 8px;
    font-size: 12px;
  }
}

@media screen and (max-width:834px) {
  .c18 strong {
    font-size: 12px;
  }
}

@media screen and (max-width:1440px) {
  .c21 {
    height: 44px;
  }
}

@media screen and (max-width:1180px) {
  .c13 {
    font-size: 14px;
  }
}

@media screen and (max-width:834px) {
  .c13 {
    font-size: 12px;
  }
}

@media screen and (max-width:1440px) {
  .c16 {
    margin-left: -28px;
    margin-right: -24px;
  }
}

@media screen and (max-width:1180px) {
  .c16 {
    margin-left: -28px;
    margin-right: -28px;
  }
}

<div
    class="c0 c1"
  >
    <button
      class="c2"
    >
      <svg
        viewBox="0 0 24 24"
        xmlns="http://www.w3.org/2000/svg"
      >
        <g
          opacity="0.5"
        >
          <g
            transform="translate(-.453 .555)"
          >
            <path
              class="cls-3"
              d="M8.762.384a1.311 1.311 0 011.981 1.707l-.127.147-8.378 8.378A1.311 1.311 0 01.257 8.909l.127-.147z"
              transform="translate(6.453 6.445)"
            />
            <path
              class="cls-3"
              d="M.384.384A1.311 1.311 0 012.09.257l.147.127 8.379 8.38a1.31 1.31 0 01-1.706 1.98l-.147-.127L.384 2.236a1.31 1.31 0 010-1.852z"
              transform="translate(6.453 6.445)"
            />
          </g>
        </g>
      </svg>
    </button>
    <div
      class="c3"
    >
      <main>
        <h3
          class="c4 c5"
        >
          Onomy Bridge Here
        </h3>
        <div
          class="c6"
        >
          <div
            class="c7"
          >
            <div
              class="c8"
            >
              <img
                alt=""
                src="icon-bridge-curve.svg"
              />
            </div>
            <div
              class="c9"
            >
              <strong>
                Onomy Bonding Curve
              </strong>
              <span />
            </div>
            <div
              class="c10"
            >
              <strong>
                bNOM Balance
              </strong>
              <span>
                0.000000
              </span>
            </div>
          </div>
          <div
            class="c11"
          >
            Wallet Disconnected
          </div>
          <div
            class="c7"
          >
            <div
              class="c8"
            >
              <img
                alt=""
                src="icon-onomy-wallet.svg"
              />
            </div>
            <div
              class="c12"
            >
              <input
                class="c13 c14"
                placeholder="Your Onomy Wallet Address"
                type="text"
                value=""
              />
            </div>
          </div>
          <a
            class="c15"
            href="https://www.keplr.app/"
            target="_new"
          >
            Get Keplr Cosmos Wallet
          </a>
        </div>
        <form
          class="c16"
        >
          <div
            class="c17"
          >
            <div
              class="c18 c19"
            >
              <strong>
                Bridge to NOM
              </strong>
              <input
                class="c13 c20"
                type="text"
                value=""
              />
              bNOM
              <button
                class="c21 c22"
              >
                Max
              </button>
            </div>
          </div>
          <div>
            <p
              class="c23"
            >
              Gas Fee
            </p>
            <div
              class="c24"
            >
              <button
                class="c25"
              >
                00.00 (Standard)
              </button>
              <button
                class="c25"
              >
                00.00 (Fast)
              </button>
              <button
                class="c25"
              >
                00.00 (Instant)
              </button>
            </div>
          </div>
          <button
            class="c26 c27"
            disabled=""
          >
            Bridge bNOM to NOM
          </button>
        </form>
      </main>
      <aside
        class="c28"
      >
        <header
          class="c29"
        />
        <div>
          <h3
            class="c30"
          >
            Bridge to earn up to 
            <strong>
              0%
            </strong>
             APY with Staking Rewards!
          </h3>
          <svg
            class="c31"
          >
            <defs>
              <lineargradient
                gradientUnits="userSpaceOnUse"
                id="lineColor"
                x1="0%"
                x2="100%"
                y1="0%"
                y2="0%"
              >
                <stop />
                <stop />
                <stop />
              </lineargradient>
            </defs>
            <g
              class="y-axis"
              fill="none"
              font-family="sans-serif"
              font-size="10"
              text-anchor="end"
            >
              <text
                fill="#656273"
                style="transform: rotate(-90deg) translate(-10%, -50px); font-size: 12px; font-weight: 500;"
              >
                Block reward
              </text>
              <g
                class="tick"
                opacity="1"
                transform="translate(0,200.5)"
              >
                <line
                  stroke="#302e3d"
                  x2="100%"
                />
                <text
                  dy="0.32em"
                  fill="currentColor"
                  style="font-size: 12px; font-weight: 500;"
                  x="-9"
                >
                  0%
                </text>
              </g>
              <g
                class="tick"
                opacity="1"
                transform="translate(0,160.5)"
              >
                <line
                  stroke="#302e3d"
                  x2="100%"
                />
                <text
                  dy="0.32em"
                  fill="currentColor"
                  style="font-size: 12px; font-weight: 500;"
                  x="-9"
                >
                  20%
                </text>
              </g>
              <g
                class="tick"
                opacity="1"
                transform="translate(0,120.5)"
              >
                <line
                  stroke="#302e3d"
                  x2="100%"
                />
                <text
                  dy="0.32em"
                  fill="currentColor"
                  style="font-size: 12px; font-weight: 500;"
                  x="-9"
                >
                  40%
                </text>
              </g>
              <g
                class="tick"
                opacity="1"
                transform="translate(0,80.5)"
              >
                <line
                  stroke="#302e3d"
                  x2="100%"
                />
                <text
                  dy="0.32em"
                  fill="currentColor"
                  style="font-size: 12px; font-weight: 500;"
                  x="-9"
                >
                  60%
                </text>
              </g>
              <g
                class="tick"
                opacity="1"
                transform="translate(0,40.49999999999999)"
              >
                <line
                  stroke="#302e3d"
                  x2="100%"
                />
                <text
                  dy="0.32em"
                  fill="currentColor"
                  style="font-size: 12px; font-weight: 500;"
                  x="-9"
                >
                  80%
                </text>
              </g>
              <g
                class="tick"
                opacity="1"
                transform="translate(0,0.5)"
              >
                <line
                  stroke="#302e3d"
                  x2="100%"
                />
                <text
                  dy="0.32em"
                  fill="currentColor"
                  style="font-size: 12px; font-weight: 500;"
                  x="-9"
                >
                  100%
                </text>
              </g>
            </g>
            <g
              class="x-axis"
              fill="none"
              font-family="sans-serif"
              font-size="10"
              style="transform: translateY(200px);"
              text-anchor="middle"
            >
              <text
                fill="#656273"
                style="transform: translate(50%, 40px); font-size: 12px; font-weight: 500;"
              >
                Coins in circulation
              </text>
              <g
                class="tick"
                opacity="1"
                transform="translate(0.5,0)"
              >
                <text
                  dy="0.71em"
                  fill="currentColor"
                  style="font-size: 12px; font-weight: 500;"
                  y="9"
                >
                  0m
                </text>
              </g>
              <g
                class="tick"
                opacity="1"
                transform="translate(-12.833333333333332,0)"
              >
                <text
                  dy="0.71em"
                  fill="currentColor"
                  style="font-size: 12px; font-weight: 500;"
                  y="9"
                >
                  50m
                </text>
              </g>
              <g
                class="tick"
                opacity="1"
                transform="translate(-26.166666666666664,0)"
              >
                <text
                  dy="0.71em"
                  fill="currentColor"
                  style="font-size: 12px; font-weight: 500;"
                  y="9"
                >
                  100m
                </text>
              </g>
              <g
                class="tick"
                opacity="1"
                transform="translate(-39.5,0)"
              >
                <text
                  dy="0.71em"
                  fill="currentColor"
                  style="font-size: 12px; font-weight: 500;"
                  y="9"
                >
                  150m
                </text>
              </g>
              <g
                class="tick"
                opacity="1"
                transform="translate(-52.83333333333333,0)"
              >
                <text
                  dy="0.71em"
                  fill="currentColor"
                  style="font-size: 12px; font-weight: 500;"
                  y="9"
                >
                  200m
                </text>
              </g>
              <g
                class="tick"
                opacity="1"
                transform="translate(-66.16666666666667,0)"
              >
                <text
                  dy="0.71em"
                  fill="currentColor"
                  style="font-size: 12px; font-weight: 500;"
                  y="9"
                >
                  250m
                </text>
              </g>
              <g
                class="tick"
                opacity="1"
                transform="translate(-79.5,0)"
              >
                <text
                  dy="0.71em"
                  fill="currentColor"
                  style="font-size: 12px; font-weight: 500;"
                  y="9"
                >
                  300m
                </text>
              </g>
            </g>
            <path
              class="line"
              d="M0,197.77820069235156C0,197.77820069235156,-1.7777777777777777,196.79639632433788,-2.6666666666666665,196.03178105112596C-3.5555555555555554,195.26716577791404,-4.444444444444444,194.40029798940557,-5.333333333333333,193.19050905308012C-6.222222222222222,191.98072011675467,-7.111111111111111,190.60218619066615,-8,188.77304743317325C-8.88888888888889,186.94390867568035,-9.777777777777777,184.85569385487202,-10.666666666666666,182.21567650812273C-11.555555555555555,179.57565916137344,-12.444444444444443,176.56551274015175,-13.333333333333332,172.93294335267746C-14.222222222222221,169.30037396520316,-15.11111111111111,165.17699409049644,-16,160.42026018327707C-16.88888888888889,155.6635262760577,-17.77777777777778,150.30628656828733,-18.666666666666668,144.39253990936118C-19.555555555555557,138.47879325043502,-20.444444444444443,131.89494541327934,-21.333333333333332,124.93778022972009C-22.22222222222222,117.98061504616084,-23.11111111111111,110.35686750338012,-24,102.64954880800565C-24.88888888888889,94.94223011263118,-25.777777777777775,86.67376076126395,-26.666666666666664,78.69386805747331C-27.555555555555554,70.71397535368267,-28.444444444444443,62.39484430854976,-29.333333333333332,54.77019258526181C-30.22222222222222,47.14554086197386,-31.11111111111111,39.51153469484378,-32,32.94595771774562C-32.88888888888889,26.38038074064746,-33.777777777777786,20.207679452522296,-34.66666666666667,15.37673072267285C-35.55555555555556,10.545781992823404,-36.44444444444445,6.523053792427758,-37.333333333333336,3.9602653386489495C-38.22222222222222,1.3974768848701413,-39.111111111111114,0,-40,0C-40.888888888888886,0,-41.77777777777778,1.3974768848701413,-42.666666666666664,3.9602653386489495C-43.55555555555555,6.523053792427758,-44.44444444444444,10.545781992823404,-45.33333333333333,15.37673072267285C-46.222222222222214,20.207679452522296,-47.111111111111114,26.38038074064746,-48,32.94595771774562C-48.888888888888886,39.51153469484378,-49.77777777777778,47.14554086197386,-50.666666666666664,54.77019258526181C-51.55555555555555,62.39484430854976,-52.44444444444444,70.71397535368267,-53.33333333333333,78.69386805747331C-54.222222222222214,86.67376076126395,-55.111111111111114,94.94223011263118,-56,102.64954880800565C-56.888888888888886,110.35686750338012,-57.77777777777777,117.98061504616084,-58.666666666666664,124.93778022972009C-59.55555555555556,131.89494541327934,-60.44444444444444,138.47879325043502,-61.333333333333336,144.39253990936118C-62.22222222222223,150.30628656828733,-63.111111111111114,155.6635262760577,-64,160.42026018327707C-64.88888888888889,165.17699409049644,-65.77777777777779,169.30037396520316,-66.66666666666667,172.93294335267746C-67.55555555555556,176.56551274015175,-68.44444444444446,179.57565916137344,-69.33333333333334,182.21567650812273C-70.22222222222223,184.85569385487202,-71.11111111111111,186.94390867568035,-72,188.77304743317325C-72.88888888888889,190.60218619066615,-73.77777777777779,191.98072011675467,-74.66666666666667,193.19050905308012C-75.55555555555556,194.40029798940557,-76.44444444444444,195.26716577791404,-77.33333333333333,196.03178105112596C-78.22222222222221,196.79639632433788,-80,197.77820069235156,-80,197.77820069235156"
              fill="none"
              stroke="url(#lineColor)"
              stroke-width="3"
            />
            <g
              class="activePoint"
              style="opacity: 0; transform: translate(0px, 247.77820069235156px);"
            >
              <circle
                cx="0"
                cy="0"
                fill="#1a1723"
                r="7"
                stroke="#87d1ff"
                stroke-width="3"
              />
              <rect
                fill="#87d1ff"
                height="25"
                id="valueTooltip"
                rx="4"
                width="50"
                x="-25"
                y="-40"
              />
              <text
                fill="#1a1723"
                font-size="12"
                font-weight="500"
                text-anchor="middle"
                x="0"
                y="-23"
              />
            </g>
          </svg>
        </div>
        <section
          class="c32"
        >
          <div>
            <h3
              class="c33"
            >
              One Way Bridge
            </h3>
            <p
              class="c34"
            >
              Choose to bridge when you are ready to do so to finalize your purchase of NOM! 
              <strong>
                After bridging, you can no longer sell back to the bonding curve or bridge back for bNOM.
              </strong>
               There are no guarantees of liquid markets.
            </p>
          </div>
          <img
            alt=""
            src="one-way-bridge.svg"
          />
        </section>
        <section
          class="c32"
        >
          <div>
            <h3
              class="c33"
            >
              Why Bridge?
            </h3>
            <ol
              class="c35"
            >
              <li>
                NOM is the native token of the Onomy Network. 
              </li>
              <li>
                Early stakers of NOM take advantage of larger staking yield. 
              </li>
              <li>
                NOM is used for governance, staking, and collateral to mint stablecoins.
              </li>
              <li>
                All bridged bNOM is burned from the bonding curve supply. 
              </li>
              <li>
                NOM would be listed on exchanges rather than bNOM. 
              </li>
            </ol>
          </div>
          <div
            class="c36"
          >
            <img
              alt=""
              src="why-bridge.svg"
            />
          </div>
        </section>
      </aside>
    </div>
  </div>
</DocumentFragment>
`;
