// Jest Snapshot v1, https://goo.gl/fbAQLP

exports[`Given the PendingModal component when the component is rendered should match the snapshot 1`] = `
<DocumentFragment>
  .c0 {
  width: 500px;
  padding: 4px;
  position: absolute;
  top: 50%;
  left: 50%;
  background-color: #201d2a;
  border-radius: 8px;
  -webkit-transform: translate(-50%,-50%);
  -ms-transform: translate(-50%,-50%);
  transform: translate(-50%,-50%);
  z-index: 11;
}

.c0 main {
  padding: 32px;
}

.c0 footer {
  padding: 32px 36px 0;
  background-color: #1a1823;
}

.c3 {
  margin-bottom: 10px;
  font-size: 12px;
  color: #656273;
}

.c2 {
  padding: 24px;
  margin: 32px 0 24px;
  background-color: #1a1823;
  border-radius: 8px;
  font-size: 28px;
  font-weight: 500;
  text-align: center;
}

.c2 sup {
  margin-left: 8px;
  font-size: 12px;
}

.c1 {
  margin: 0 0 24px;
  font-size: 16px;
  font-weight: 500;
  text-align: left;
}

.c7 {
  display: -webkit-box;
  display: -webkit-flex;
  display: -ms-flexbox;
  display: flex;
  -webkit-box-pack: center;
  -webkit-justify-content: center;
  -ms-flex-pack: center;
  justify-content: center;
  padding-bottom: 20px;
}

.c5 {
  display: -webkit-box;
  display: -webkit-flex;
  display: -ms-flexbox;
  display: flex;
  -webkit-align-items: center;
  -webkit-box-align: center;
  -ms-flex-align: center;
  align-items: center;
  -webkit-box-pack: justify;
  -webkit-justify-content: space-between;
  -ms-flex-pack: justify;
  justify-content: space-between;
}

.c4 + .c4 {
  margin-top: 16px;
}

.c5 span {
  font-weight: 400;
  color: #656273;
}

.c5 strong {
  font-weight: 500;
}

.c6 {
  width: 40px;
  height: 40px;
  display: -webkit-box;
  display: -webkit-flex;
  display: -ms-flexbox;
  display: flex;
  -webkit-align-items: center;
  -webkit-box-align: center;
  -ms-flex-align: center;
  align-items: center;
  -webkit-box-pack: center;
  -webkit-justify-content: center;
  -ms-flex-pack: center;
  justify-content: center;
  background-color: #1a1823;
}

.c6 svg {
  width: 24px;
  height: 24px;
}

@media screen and (max-width:1440px) {
  .c0 {
    width: 400px;
  }
}

@media screen and (max-width:480px) {
  .c0 {
    width: 100%;
    border-radius: 0;
    top: unset;
    left: 0;
    bottom: 0;
    -webkit-transform: none;
    -ms-transform: none;
    transform: none;
  }
}

@media screen and (max-width:1440px) {
  .c0 main {
    padding: 24px;
  }
}

@media screen and (max-width:1440px) {
  .c0 footer {
    padding: 24px 24px 0;
  }
}

@media screen and (max-width:1440px) {
  .c2 {
    padding: 24px;
    margin: 24px 0 20px;
    font-size: 24px;
  }
}

@media screen and (max-width:1440px) {
  .c1 {
    font-size: 14px;
  }
}

@media screen and (max-width:480px) {
  .c1 {
    font-size: 16px;
  }
}

<div
    class="c0"
  >
    <main>
      <h3
        class="c1"
      >
        Waiting for Confirmation
      </h3>
      <div
        class="c2"
      >
        <div
          class="c3"
        >
          You're receiving
        </div>
        ~ 0.000000 
        <sup>
          NOM
        </sup>
      </div>
      <div
        class="c4 c5"
      >
        <span>
          Current Exchange Rate
        </span>
        <strong>
          1 ETH = NaN NOM
        </strong>
      </div>
      <div
        class="c4 c5"
      >
        <span>
          You're sending
        </span>
        <strong>
          0.000000 ETH
        </strong>
      </div>
      <div
        class="c4 c5"
      >
        <div>
          <span>
            Wallet
          </span>
          <div>
            <strong />
          </div>
        </div>
        <div
          class="c6"
        >
          <svg
            viewBox="0 0 255 236.4"
            xmlns="http://www.w3.org/2000/svg"
          >
            <path
              d="M242.3 0l-99.5 73.9 18.4-43.6z"
              fill="#E2761B"
              stroke="#E2761B"
              stroke-linecap="round"
              stroke-linejoin="round"
            />
            <g
              fill="#E4761B"
              stroke="#E4761B"
              stroke-linecap="round"
              stroke-linejoin="round"
            >
              <path
                d="M12.6 0l98.7 74.6-17.5-44.3zm193.9 171.3L180 211.9l56.7 15.6 16.3-55.3zm-204.4.9l16.2 55.3L75 211.9l-26.5-40.6z"
              />
              <path
                d="M71.8 102.7L56 126.6l56.3 2.5-2-60.5zm111.3 0l-39-34.8-1.3 61.2 56.2-2.5zM75 211.9l33.8-16.5-29.2-22.8zm71.1-16.5l33.9 16.5-4.7-39.3z"
              />
            </g>
            <path
              d="M180 211.9l-33.9-16.5 2.7 22.1-.3 9.3zm-105 0l31.5 14.9-.2-9.3 2.5-22.1z"
              fill="#D7C1B3"
              stroke="#D7C1B3"
              stroke-linecap="round"
              stroke-linejoin="round"
            />
            <path
              d="M107 158l-28.2-8.3 19.9-9.1zm40.9 0l8.3-17.4 20 9.1z"
              fill="#233447"
              stroke="#233447"
              stroke-linecap="round"
              stroke-linejoin="round"
            />
            <path
              d="M75 211.9l4.8-40.6-31.3.9zm100.2-40.6l4.8 40.6 26.5-39.7zm23.8-44.7l-56.2 2.5L148 158l8.3-17.4 20 9.1zM78.8 149.7l20-9.1L107 158l5.3-28.9-56.3-2.5z"
              fill="#CD6116"
              stroke="#CD6116"
              stroke-linecap="round"
              stroke-linejoin="round"
            />
            <path
              d="M56 126.6l23.6 46-.8-22.9zm120.3 23.1l-1 22.9 23.7-46zm-64-20.6L107 158l6.6 34.1 1.5-44.9zm30.5 0l-2.7 18 1.2 45L148 158z"
              fill="#E4751F"
              stroke="#E4751F"
              stroke-linecap="round"
              stroke-linejoin="round"
            />
            <path
              d="M148 158l-6.7 34.1 4.8 3.3 29.2-22.8 1-22.9zm-69.2-8.3l.8 22.9 29.2 22.8 4.8-3.3L107 158z"
              fill="#F6851B"
              stroke="#F6851B"
              stroke-linecap="round"
              stroke-linejoin="round"
            />
            <path
              d="M148.5 226.8l.3-9.3-2.5-2.2h-37.7l-2.3 2.2.2 9.3L75 211.9l11 9 22.3 15.5h38.3l22.4-15.5 11-9z"
              fill="#C0AD9E"
              stroke="#C0AD9E"
              stroke-linecap="round"
              stroke-linejoin="round"
            />
            <path
              d="M146.1 195.4l-4.8-3.3h-27.7l-4.8 3.3-2.5 22.1 2.3-2.2h37.7l2.5 2.2z"
              fill="#161616"
              stroke="#161616"
              stroke-linecap="round"
              stroke-linejoin="round"
            />
            <path
              d="M246.5 78.7l8.5-40.8L242.3 0l-96.2 71.4 37 31.3 52.3 15.3 11.6-13.5-5-3.6 8-7.3-6.2-4.8 8-6.1zM0 37.9l8.5 40.8-5.4 4 8 6.1L5 93.6l8 7.3-5 3.6L19.5 118l52.3-15.3 37-31.3L12.6 0z"
              fill="#763D16"
              stroke="#763D16"
              stroke-linecap="round"
              stroke-linejoin="round"
            />
            <path
              d="M235.4 118l-52.3-15.3 15.9 23.9-23.7 46 31.2-.4H253zM71.8 102.7L19.5 118 2.1 172.2h46.4l31.1.4-23.6-46zm71 26.4l3.3-57.7 15.2-41.1H93.8l15 41.1 3.5 57.7 1.2 18.2.1 44.8h27.7l.2-44.8z"
              fill="#F6851B"
              stroke="#F6851B"
              stroke-linecap="round"
              stroke-linejoin="round"
            />
          </svg>
        </div>
      </div>
    </main>
    <footer>
      <div
        class="c7"
      >
        <div
          class="loadingSpinner"
        >
          <svg>
            <circle
              cx="20"
              cy="20"
              r="20"
            />
          </svg>
        </div>
      </div>
    </footer>
  </div>
</DocumentFragment>
`;
